[    0.000000] Linux version 4.15.0-162-generic (buildd@lcy01-amd64-007) (gcc version 7.5.0 (Ubuntu 7.5.0-3ubuntu1~18.04)) #170-Ubuntu SMP Mon Oct 18 11:38:05 UTC 2021 (Ubuntu 4.15.0-162.170-generic 4.15.18)
[    0.000000] Command line: BOOT_IMAGE=/boot/vmlinuz-4.15.0-162-generic root=LABEL=cloudimg-rootfs ro console=tty1 console=ttyS0
[    0.000000] KERNEL supported cpus:
[    0.000000]   Intel GenuineIntel
[    0.000000]   AMD AuthenticAMD
[    0.000000]   Centaur CentaurHauls
[    0.000000] x86/fpu: Supporting XSAVE feature 0x001: 'x87 floating point registers'
[    0.000000] x86/fpu: Supporting XSAVE feature 0x002: 'SSE registers'
[    0.000000] x86/fpu: Supporting XSAVE feature 0x004: 'AVX registers'
[    0.000000] x86/fpu: xstate_offset[2]:  576, xstate_sizes[2]:  256
[    0.000000] x86/fpu: Enabled xstate features 0x7, context size is 832 bytes, using 'standard' format.
[    0.000000] e820: BIOS-provided physical RAM map:
[    0.000000] BIOS-e820: [mem 0x0000000000000000-0x000000000009fbff] usable
[    0.000000] BIOS-e820: [mem 0x000000000009fc00-0x000000000009ffff] reserved
[    0.000000] BIOS-e820: [mem 0x00000000000f0000-0x00000000000fffff] reserved
[    0.000000] BIOS-e820: [mem 0x0000000000100000-0x000000007ffeffff] usable
[    0.000000] BIOS-e820: [mem 0x000000007fff0000-0x000000007fffffff] ACPI data
[    0.000000] BIOS-e820: [mem 0x00000000fec00000-0x00000000fec00fff] reserved
[    0.000000] BIOS-e820: [mem 0x00000000fee00000-0x00000000fee00fff] reserved
[    0.000000] BIOS-e820: [mem 0x00000000fffc0000-0x00000000ffffffff] reserved
[    0.000000] NX (Execute Disable) protection: active
[    0.000000] SMBIOS 2.5 present.
[    0.000000] DMI: innotek GmbH VirtualBox/VirtualBox, BIOS VirtualBox 12/01/2006
[    0.000000] Hypervisor detected: KVM
[    0.000000] e820: last_pfn = 0x7fff0 max_arch_pfn = 0x400000000
[    0.000000] MTRR: Disabled
[    0.000000] x86/PAT: MTRRs disabled, skipping PAT initialization too.
[    0.000000] CPU MTRRs all blank - virtualized system.
[    0.000000] x86/PAT: Configuration [0-7]: WB  WT  UC- UC  WB  WT  UC- UC  
[    0.000000] found SMP MP-table at [mem 0x0009fff0-0x0009ffff]
[    0.000000] Scanning 1 areas for low memory corruption
[    0.000000] RAMDISK: [mem 0x359cd000-0x36cddfff]
[    0.000000] ACPI: Early table checksum verification disabled
[    0.000000] ACPI: RSDP 0x00000000000E0000 000024 (v02 VBOX  )
[    0.000000] ACPI: XSDT 0x000000007FFF0030 00003C (v01 VBOX   VBOXXSDT 00000001 ASL  00000061)
[    0.000000] ACPI: FACP 0x000000007FFF00F0 0000F4 (v04 VBOX   VBOXFACP 00000001 ASL  00000061)
[    0.000000] ACPI: DSDT 0x000000007FFF0470 002325 (v02 VBOX   VBOXBIOS 00000002 INTL 20120111)
[    0.000000] ACPI: FACS 0x000000007FFF0200 000040
[    0.000000] ACPI: FACS 0x000000007FFF0200 000040
[    0.000000] ACPI: APIC 0x000000007FFF0240 00005C (v02 VBOX   VBOXAPIC 00000001 ASL  00000061)
[    0.000000] ACPI: SSDT 0x000000007FFF02A0 0001CC (v01 VBOX   VBOXCPUT 00000002 INTL 20120111)
[    0.000000] ACPI: Reserving FACP table memory at [mem 0x7fff00f0-0x7fff01e3]
[    0.000000] ACPI: Reserving DSDT table memory at [mem 0x7fff0470-0x7fff2794]
[    0.000000] ACPI: Reserving FACS table memory at [mem 0x7fff0200-0x7fff023f]
[    0.000000] ACPI: Reserving FACS table memory at [mem 0x7fff0200-0x7fff023f]
[    0.000000] ACPI: Reserving APIC table memory at [mem 0x7fff0240-0x7fff029b]
[    0.000000] ACPI: Reserving SSDT table memory at [mem 0x7fff02a0-0x7fff046b]
[    0.000000] No NUMA configuration found
[    0.000000] Faking a node at [mem 0x0000000000000000-0x000000007ffeffff]
[    0.000000] NODE_DATA(0) allocated [mem 0x7ffc5000-0x7ffeffff]
[    0.000000] kvm-clock: cpu 0, msr 0:7ff44001, primary cpu clock
[    0.000000] kvm-clock: Using msrs 4b564d01 and 4b564d00
[    0.000000] kvm-clock: using sched offset of 3357825074 cycles
[    0.000000] clocksource: kvm-clock: mask: 0xffffffffffffffff max_cycles: 0x1cd42e4dffb, max_idle_ns: 881590591483 ns
[    0.000000] Zone ranges:
[    0.000000]   DMA      [mem 0x0000000000001000-0x0000000000ffffff]
[    0.000000]   DMA32    [mem 0x0000000001000000-0x000000007ffeffff]
[    0.000000]   Normal   empty
[    0.000000]   Device   empty
[    0.000000] Movable zone start for each node
[    0.000000] Early memory node ranges
[    0.000000]   node   0: [mem 0x0000000000001000-0x000000000009efff]
[    0.000000]   node   0: [mem 0x0000000000100000-0x000000007ffeffff]
[    0.000000] Reserved but unavailable: 104 pages
[    0.000000] Initmem setup node 0 [mem 0x0000000000001000-0x000000007ffeffff]
[    0.000000] ACPI: PM-Timer IO Port: 0x4008
[    0.000000] IOAPIC[0]: apic_id 2, version 32, address 0xfec00000, GSI 0-23
[    0.000000] ACPI: INT_SRC_OVR (bus 0 bus_irq 0 global_irq 2 dfl dfl)
[    0.000000] ACPI: INT_SRC_OVR (bus 0 bus_irq 9 global_irq 9 low level)
[    0.000000] Using ACPI (MADT) for SMP configuration information
[    0.000000] smpboot: Allowing 2 CPUs, 0 hotplug CPUs
[    0.000000] PM: Registered nosave memory: [mem 0x00000000-0x00000fff]
[    0.000000] PM: Registered nosave memory: [mem 0x0009f000-0x0009ffff]
[    0.000000] PM: Registered nosave memory: [mem 0x000a0000-0x000effff]
[    0.000000] PM: Registered nosave memory: [mem 0x000f0000-0x000fffff]
[    0.000000] e820: [mem 0x80000000-0xfebfffff] available for PCI devices
[    0.000000] Booting paravirtualized kernel on KVM
[    0.000000] clocksource: refined-jiffies: mask: 0xffffffff max_cycles: 0xffffffff, max_idle_ns: 7645519600211568 ns
[    0.000000] random: get_random_bytes called from start_kernel+0x99/0x500 with crng_init=0
[    0.000000] setup_percpu: NR_CPUS:8192 nr_cpumask_bits:2 nr_cpu_ids:2 nr_node_ids:1
[    0.000000] percpu: Embedded 45 pages/cpu s147456 r8192 d28672 u1048576
[    0.000000] PV qspinlock hash table entries: 256 (order: 0, 4096 bytes)
[    0.000000] Built 1 zonelists, mobility grouping on.  Total pages: 515961
[    0.000000] Policy zone: DMA32
[    0.000000] Kernel command line: BOOT_IMAGE=/boot/vmlinuz-4.15.0-162-generic root=LABEL=cloudimg-rootfs ro console=tty1 console=ttyS0
[    0.000000] Memory: 2014904K/2096696K available (12300K kernel code, 2483K rwdata, 4320K rodata, 2448K init, 2724K bss, 81792K reserved, 0K cma-reserved)
[    0.000000] SLUB: HWalign=64, Order=0-3, MinObjects=0, CPUs=2, Nodes=1
[    0.000000] Kernel/User page tables isolation: enabled
[    0.000000] ftrace: allocating 39475 entries in 155 pages
[    0.004000] Hierarchical RCU implementation.
[    0.004000] 	RCU restricting CPUs from NR_CPUS=8192 to nr_cpu_ids=2.
[    0.004000] 	Tasks RCU enabled.
[    0.004000] RCU: Adjusting geometry for rcu_fanout_leaf=16, nr_cpu_ids=2
[    0.004000] NR_IRQS: 524544, nr_irqs: 440, preallocated irqs: 16
[    0.004000] Console: colour VGA+ 80x25
[    0.004000] console [tty1] enabled
[    0.004000] console [ttyS0] enabled
[    0.004000] ACPI: Core revision 20170831
[    0.004000] ACPI: 2 ACPI AML tables successfully acquired and loaded
[    0.004000] APIC: Switch to symmetric I/O mode setup
[    0.004000] x2apic enabled
[    0.004000] Switched APIC routing to physical x2apic.
[    0.004000] ..TIMER: vector=0x30 apic1=0 pin1=2 apic2=-1 pin2=-1
[    0.004003] tsc: Detected 3000.000 MHz processor
[    0.004797] Calibrating delay loop (skipped) preset value.. 6000.00 BogoMIPS (lpj=12000000)
[    0.005409] pid_max: default: 32768 minimum: 301
[    0.006218] Security Framework initialized
[    0.008001] Yama: becoming mindful.
[    0.008633] AppArmor: AppArmor initialized
[    0.010157] Dentry cache hash table entries: 262144 (order: 9, 2097152 bytes)
[    0.012000] Inode-cache hash table entries: 131072 (order: 8, 1048576 bytes)
[    0.012009] Mount-cache hash table entries: 4096 (order: 3, 32768 bytes)
[    0.013135] Mountpoint-cache hash table entries: 4096 (order: 3, 32768 bytes)
[    0.016196] Last level iTLB entries: 4KB 128, 2MB 8, 4MB 8
[    0.017135] Last level dTLB entries: 4KB 64, 2MB 0, 4MB 0, 1GB 4
[    0.018144] Spectre V1 : Mitigation: usercopy/swapgs barriers and __user pointer sanitization
[    0.019615] Spectre V2 : Mitigation: Full generic retpoline
[    0.020001] Spectre V2 : Spectre v2 / SpectreRSB mitigation: Filling RSB on context switch
[    0.021503] Speculative Store Bypass: Vulnerable
[    0.022463] SRBDS: Unknown: Dependent on hypervisor status
[    0.024001] MDS: Mitigation: Clear CPU buffers
[    0.024895] Freeing SMP alternatives memory: 36K
[    0.135217] smpboot: CPU0: Intel(R) Core(TM) i5-8500 CPU @ 3.00GHz (family: 0x6, model: 0x9e, stepping: 0xa)
[    0.136000] Performance Events: unsupported p6 CPU model 158 no PMU driver, software events only.
[    0.136000] Hierarchical SRCU implementation.
[    0.136554] NMI watchdog: Perf event create on CPU 0 failed with -2
[    0.137618] NMI watchdog: Perf NMI watchdog permanently disabled
[    0.138659] smp: Bringing up secondary CPUs ...
[    0.139497] x86: Booting SMP configuration:
[    0.140001] .... node  #0, CPUs:      #1
[    0.004000] kvm-clock: cpu 1, msr 0:7ff44041, secondary cpu clock
[    0.144012] smp: Brought up 1 node, 2 CPUs
[    0.144873] smpboot: Max logical packages: 1
[    0.145993] smpboot: Total of 2 processors activated (12000.00 BogoMIPS)
[    0.147211] devtmpfs: initialized
[    0.148037] x86/mm: Memory block size: 128MB
[    0.148919] evm: security.selinux
[    0.149520] evm: security.SMACK64
[    0.150151] evm: security.SMACK64EXEC
[    0.150801] evm: security.SMACK64TRANSMUTE
[    0.151521] evm: security.SMACK64MMAP
[    0.152002] evm: security.apparmor
[    0.152611] evm: security.ima
[    0.153151] evm: security.capability
[    0.153810] clocksource: jiffies: mask: 0xffffffff max_cycles: 0xffffffff, max_idle_ns: 7645041785100000 ns
[    0.156004] futex hash table entries: 512 (order: 3, 32768 bytes)
[    0.157062] pinctrl core: initialized pinctrl subsystem
[    0.158053] RTC time:  7:55:53, date: 11/24/21
[    0.159092] NET: Registered protocol family 16
[    0.160048] audit: initializing netlink subsys (disabled)
[    0.160988] audit: type=2000 audit(1637740558.540:1): state=initialized audit_enabled=0 res=1
[    0.161471] cpuidle: using governor ladder
[    0.164005] cpuidle: using governor menu
[    0.164857] ACPI: bus type PCI registered
[    0.165567] acpiphp: ACPI Hot Plug PCI Controller Driver version: 0.5
[    0.166728] PCI: Using configuration type 1 for base access
[    0.168736] HugeTLB registered 2.00 MiB page size, pre-allocated 0 pages
[    0.169486] ACPI: Added _OSI(Module Device)
[    0.169486] ACPI: Added _OSI(Processor Device)
[    0.172003] ACPI: Added _OSI(3.0 _SCP Extensions)
[    0.172944] ACPI: Added _OSI(Processor Aggregator Device)
[    0.173880] ACPI: Added _OSI(Linux-Dell-Video)
[    0.174664] ACPI: Added _OSI(Linux-Lenovo-NV-HDMI-Audio)
[    0.176002] ACPI: Added _OSI(Linux-HPI-Hybrid-Graphics)
[    0.177215] ACPI: Executed 1 blocks of module-level executable AML code
[    0.181289] ACPI: Interpreter enabled
[    0.181961] ACPI: (supports S0 S5)
[    0.182578] ACPI: Using IOAPIC for interrupt routing
[    0.183596] PCI: Using host bridge windows from ACPI; if necessary, use "pci=nocrs" and report a bug
[    0.184168] ACPI: Enabled 2 GPEs in block 00 to 07
[    0.191125] ACPI: PCI Root Bridge [PCI0] (domain 0000 [bus 00-ff])
[    0.192005] acpi PNP0A03:00: _OSC: OS supports [ASPM ClockPM Segments MSI]
[    0.193563] acpi PNP0A03:00: _OSC: not requesting OS control; OS requires [ExtendedConfig ASPM ClockPM MSI]
[    0.195231] acpi PNP0A03:00: fail to add MMCONFIG information, can't access extended PCI configuration space under this bridge.
[    0.196395] PCI host bridge to bus 0000:00
[    0.197120] pci_bus 0000:00: root bus resource [io  0x0000-0x0cf7 window]
[    0.200002] pci_bus 0000:00: root bus resource [io  0x0d00-0xffff window]
[    0.201146] pci_bus 0000:00: root bus resource [mem 0x000a0000-0x000bffff window]
[    0.202963] pci_bus 0000:00: root bus resource [mem 0x80000000-0xfdffffff window]
[    0.204002] pci_bus 0000:00: root bus resource [bus 00-ff]
[    0.208372] pci 0000:00:01.1: legacy IDE quirk: reg 0x10: [io  0x01f0-0x01f7]
[    0.209904] pci 0000:00:01.1: legacy IDE quirk: reg 0x14: [io  0x03f6]
[    0.211768] pci 0000:00:01.1: legacy IDE quirk: reg 0x18: [io  0x0170-0x0177]
[    0.212001] pci 0000:00:01.1: legacy IDE quirk: reg 0x1c: [io  0x0376]
[    0.228572] pci 0000:00:07.0: quirk: [io  0x4000-0x403f] claimed by PIIX4 ACPI
[    0.230193] pci 0000:00:07.0: quirk: [io  0x4100-0x410f] claimed by PIIX4 SMB
[    0.237455] ACPI: PCI Interrupt Link [LNKA] (IRQs 5 9 10 *11)
[    0.239046] ACPI: PCI Interrupt Link [LNKB] (IRQs 5 9 *10 11)
[    0.240066] ACPI: PCI Interrupt Link [LNKC] (IRQs 5 *9 10 11)
[    0.241230] ACPI: PCI Interrupt Link [LNKD] (IRQs 5 9 10 *11)
[    0.242418] SCSI subsystem initialized
[    0.243121] pci 0000:00:02.0: vgaarb: setting as boot VGA device
[    0.243121] pci 0000:00:02.0: vgaarb: VGA device added: decodes=io+mem,owns=io+mem,locks=none
[    0.244002] pci 0000:00:02.0: vgaarb: bridge control possible
[    0.245022] vgaarb: loaded
[    0.245536] ACPI: bus type USB registered
[    0.248011] usbcore: registered new interface driver usbfs
[    0.248952] usbcore: registered new interface driver hub
[    0.249863] usbcore: registered new device driver usb
[    0.250758] EDAC MC: Ver: 3.0.0
[    0.252233] PCI: Using ACPI for IRQ routing
[    0.253003] NetLabel: Initializing
[    0.253618] NetLabel:  domain hash size = 128
[    0.254543] NetLabel:  protocols = UNLABELED CIPSOv4 CALIPSO
[    0.255520] NetLabel:  unlabeled traffic allowed by default
[    0.256046] clocksource: Switched to clocksource kvm-clock
[    0.265469] VFS: Disk quotas dquot_6.6.0
[    0.266435] VFS: Dquot-cache hash table entries: 512 (order 0, 4096 bytes)
[    0.267920] AppArmor: AppArmor Filesystem Enabled
[    0.268775] pnp: PnP ACPI init
[    0.270416] pnp: PnP ACPI: found 3 devices
[    0.278892] clocksource: acpi_pm: mask: 0xffffff max_cycles: 0xffffff, max_idle_ns: 2085701024 ns
[    0.280691] NET: Registered protocol family 2
[    0.281492] IP idents hash table entries: 32768 (order: 6, 262144 bytes)
[    0.282819] TCP established hash table entries: 16384 (order: 5, 131072 bytes)
[    0.284239] TCP bind hash table entries: 16384 (order: 6, 262144 bytes)
[    0.286398] TCP: Hash tables configured (established 16384 bind 16384)
[    0.287561] UDP hash table entries: 1024 (order: 3, 32768 bytes)
[    0.288645] UDP-Lite hash table entries: 1024 (order: 3, 32768 bytes)
[    0.289796] NET: Registered protocol family 1
[    0.290596] pci 0000:00:00.0: Limiting direct PCI/PCI transfers
[    0.291952] pci 0000:00:01.0: Activating ISA DMA hang workarounds
[    0.293096] pci 0000:00:02.0: Video device with shadowed ROM at [mem 0x000c0000-0x000dffff]
[    0.294655] Unpacking initramfs...
[    0.516329] Freeing initrd memory: 19524K
[    0.517275] clocksource: tsc: mask: 0xffffffffffffffff max_cycles: 0x2b3e459bf4c, max_idle_ns: 440795289890 ns
[    0.520075] platform rtc_cmos: registered platform RTC device (no PNP device found)
[    0.521546] Scanning for low memory corruption every 60 seconds
[    0.523131] Initialise system trusted keyrings
[    0.523941] Key type blacklist registered
[    0.524719] workingset: timestamp_bits=36 max_order=19 bucket_order=0
[    0.527238] zbud: loaded
[    0.528083] squashfs: version 4.0 (2009/01/31) Phillip Lougher
[    0.529295] fuse init (API version 7.26)
[    0.531100] Key type asymmetric registered
[    0.531872] Asymmetric key parser 'x509' registered
[    0.532807] Block layer SCSI generic (bsg) driver version 0.4 loaded (major 246)
[    0.534172] io scheduler noop registered
[    0.534882] io scheduler deadline registered
[    0.535651] io scheduler cfq registered (default)
[    0.536785] ACPI: AC Adapter [AC] (on-line)
[    0.537565] input: Power Button as /devices/LNXSYSTM:00/LNXPWRBN:00/input/input0
[    0.538884] ACPI: Power Button [PWRF]
[    0.539604] input: Sleep Button as /devices/LNXSYSTM:00/LNXSLPBN:00/input/input1
[    0.540919] ACPI: Sleep Button [SLPF]
[    0.541814] Serial: 8250/16550 driver, 32 ports, IRQ sharing enabled
[    0.563891] 00:02: ttyS0 at I/O 0x3f8 (irq = 4, base_baud = 115200) is a 16550A
[    0.567257] Linux agpgart interface v0.103
[    0.569196] loop: module loaded
[    0.570143] scsi host0: ata_piix
[    0.571166] scsi host1: ata_piix
[    0.571920] ata1: PATA max UDMA/33 cmd 0x1f0 ctl 0x3f6 bmdma 0xd000 irq 14
[    0.573229] ata2: PATA max UDMA/33 cmd 0x170 ctl 0x376 bmdma 0xd008 irq 15
[    0.574461] libphy: Fixed MDIO Bus: probed
[    0.575509] tun: Universal TUN/TAP device driver, 1.6
[    0.576722] PPP generic driver version 2.4.2
[    0.578082] ehci_hcd: USB 2.0 'Enhanced' Host Controller (EHCI) Driver
[    0.579366] ehci-pci: EHCI PCI platform driver
[    0.580329] ehci-platform: EHCI generic platform driver
[    0.581271] ohci_hcd: USB 1.1 'Open' Host Controller (OHCI) Driver
[    0.582355] ohci-pci: OHCI PCI platform driver
[    0.583165] ohci-platform: OHCI generic platform driver
[    0.584159] uhci_hcd: USB Universal Host Controller Interface driver
[    0.585304] i8042: PNP: PS/2 Controller [PNP0303:PS2K,PNP0f03:PS2M] at 0x60,0x64 irq 1,12
[    0.587115] serio: i8042 KBD port at 0x60,0x64 irq 1
[    0.588023] serio: i8042 AUX port at 0x60,0x64 irq 12
[    0.589047] mousedev: PS/2 mouse device common for all mice
[    0.590499] input: AT Translated Set 2 keyboard as /devices/platform/i8042/serio0/input/input2
[    0.592169] rtc_cmos rtc_cmos: rtc core: registered rtc_cmos as rtc0
[    0.593328] rtc_cmos rtc_cmos: alarms up to one day, 114 bytes nvram
[    0.594443] i2c /dev entries driver
[    0.595153] device-mapper: uevent: version 1.0.3
[    0.596072] device-mapper: ioctl: 4.37.0-ioctl (2017-09-20) initialised: dm-devel@redhat.com
[    0.597613] ledtrig-cpu: registered to indicate activity on CPUs
[    0.598968] NET: Registered protocol family 10
[    0.602292] Segment Routing with IPv6
[    0.603186] NET: Registered protocol family 17
[    0.604112] Key type dns_resolver registered
[    0.605449] mce: Using 0 MCE banks
[    0.606107] RAS: Correctable Errors collector initialized.
[    0.607096] sched_clock: Marking stable (605431561, 0)->(758692899, -153261338)
[    0.608719] registered taskstats version 1
[    0.609491] Loading compiled-in X.509 certificates
[    0.611828] Loaded X.509 cert 'Build time autogenerated kernel key: ebed311aedd59d9a851620769f4a146e4e1d43c6'
[    0.614053] Loaded X.509 cert 'Canonical Ltd. Live Patch Signing: 14df34d1a87cf37625abec039ef2bf521249b969'
[    0.616517] Loaded X.509 cert 'Canonical Ltd. Kernel Module Signing: 88f752e560a1e0737e31163a466ad7b70a850c19'
[    0.618580] zswap: loaded using pool lzo/zbud
[    0.621880] Key type big_key registered
[    0.622595] Key type trusted registered
[    0.624638] Key type encrypted registered
[    0.625404] AppArmor: AppArmor sha1 policy hashing enabled
[    0.626387] ima: No TPM chip found, activating TPM-bypass! (rc=-19)
[    0.627515] ima: Allocated hash algorithm: sha1
[    0.628396] evm: HMAC attrs: 0x1
[    0.629206]   Magic number: 13:466:926
[    0.629959] rtc_cmos rtc_cmos: setting system clock to 2021-11-24 07:55:54 UTC (1637740554)
[    0.631509] BIOS EDD facility v0.16 2004-Jun-25, 0 devices found
[    0.632621] EDD information not available.
[    0.756798] Freeing unused kernel image memory: 2448K
[    0.768272] Write protecting the kernel read-only data: 20480k
[    0.770815] Freeing unused kernel image memory: 2008K
[    0.772600] Freeing unused kernel image memory: 1824K
[    0.778975] x86/mm: Checked W+X mappings: passed, no W+X pages found.
[    0.780382] x86/mm: Checking user space page tables
[    0.786299] x86/mm: Checked W+X mappings: passed, no W+X pages found.
Loading, please wait...
starting version 237
[    0.833497] e1000: Intel(R) PRO/1000 Network Driver - version 7.3.21-k8-NAPI
[    0.834733] e1000: Copyright (c) 1999-2006 Intel Corporation.
[    0.837985] Fusion MPT base driver 3.04.20
[    0.838720] Copyright (c) 1999-2008 LSI Corporation
[    0.854485] AVX2 version of gcm_enc/dec engaged.
[    0.855870] AES CTR mode by8 optimization enabled
[    0.858873] Fusion MPT SPI Host driver 3.04.20
[    1.045068] input: ImExPS/2 Generic Explorer Mouse as /devices/platform/i8042/serio1/input/input4
[    1.241691] e1000 0000:00:03.0 eth0: (PCI:33MHz:32-bit) 02:5e:cd:fd:8c:44
[    1.243273] e1000 0000:00:03.0 eth0: Intel(R) PRO/1000 Network Connection
[    1.245138] mptbase: ioc0: Initiating bringup
[    1.246503] e1000 0000:00:03.0 enp0s3: renamed from eth0
[    1.348187] ioc0: LSI53C1030 A0: Capabilities={Initiator}
[    1.602415] scsi host2: ioc0: LSI53C1030 A0, FwRev=00000000h, Ports=1, MaxQ=256, IRQ=20
[    1.773018] scsi 2:0:0:0: Direct-Access     VBOX     HARDDISK         1.0  PQ: 0 ANSI: 5
[    1.800346] scsi target2:0:0: Beginning Domain Validation
[    1.803055] scsi target2:0:0: Domain Validation skipping write tests
[    1.804187] scsi target2:0:0: Ending Domain Validation
[    1.805159] scsi target2:0:0: asynchronous
[    1.806419] scsi 2:0:1:0: Direct-Access     VBOX     HARDDISK         1.0  PQ: 0 ANSI: 5
[    1.836568] scsi target2:0:1: Beginning Domain Validation
[    1.839597] random: fast init done
[    1.840423] scsi target2:0:1: Domain Validation skipping write tests
[    1.841601] scsi target2:0:1: Ending Domain Validation
[    1.842581] scsi target2:0:1: asynchronous
[    1.847011] random: systemd-udevd: uninitialized urandom read (16 bytes read)
[    1.848568] random: systemd-udevd: uninitialized urandom read (16 bytes read)
[    1.849800] random: systemd-udevd: uninitialized urandom read (16 bytes read)
[    1.851227] sd 2:0:0:0: Attached scsi generic sg0 type 0
[    1.851421] sd 2:0:0:0: [sda] 83886080 512-byte logical blocks: (42.9 GB/40.0 GiB)
[    1.854502] sd 2:0:0:0: [sda] Write Protect is off
[    1.855799] sd 2:0:1:0: Attached scsi generic sg1 type 0
[    1.856834] sd 2:0:0:0: [sda] Incomplete mode parameter data
[    1.858239] sd 2:0:0:0: [sda] Assuming drive cache: write through
[    1.858254] sd 2:0:1:0: [sdb] 20480 512-byte logical blocks: (10.5 MB/10.0 MiB)
[    1.860077]  sda: sda1
[    1.861612] sd 2:0:1:0: [sdb] Write Protect is off
[    1.861849] sd 2:0:0:0: [sda] Attached SCSI disk
[    1.863686] sd 2:0:1:0: [sdb] Incomplete mode parameter data
[    1.865099] sd 2:0:1:0: [sdb] Assuming drive cache: write through
[    1.867582] sd 2:0:1:0: [sdb] Attached SCSI disk
Begin: Loading essential drivers ... [    3.228120] raid6: sse2x1   gen() 13866 MB/s
[    3.276119] raid6: sse2x1   xor() 10083 MB/s
[    3.324557] raid6: sse2x2   gen() 17653 MB/s
[    3.372544] raid6: sse2x2   xor() 11842 MB/s
[    3.420551] raid6: sse2x4   gen() 19907 MB/s
[    3.468552] raid6: sse2x4   xor() 12368 MB/s
[    3.516550] raid6: avx2x1   gen() 28132 MB/s
[    3.564111] raid6: avx2x1   xor() 19518 MB/s
[    3.612117] raid6: avx2x2   gen() 32445 MB/s
[    3.660118] raid6: avx2x2   xor() 21291 MB/s
[    3.708123] raid6: avx2x4   gen() 38854 MB/s
[    3.756046] raid6: avx2x4   xor() 23686 MB/s
[    3.757092] raid6: using algorithm avx2x4 gen() 38854 MB/s
[    3.758299] raid6: .... xor() 23686 MB/s, rmw enabled
[    3.759648] raid6: using avx2x2 recovery algorithm
[    3.761591] xor: automatically using best checksumming function   avx       
[    3.763788] async_tx: api initialized (async)
done.
Begin: Running /scripts/init-premount ... done.
Begin: Mounting root file system ... Begin: Running /scripts/local-top ... done.
Begin: Running /scripts/local-premount ... [    3.794879] Btrfs loaded, crc32c=crc32c-intel
Scanning for Btrfs filesystems
done.
Warning: fsck not present, so skipping root file system
[    3.811870] EXT4-fs (sda1): mounted filesystem with ordered data mode. Opts: (null)
done.
Begin: Running /scripts/local-bottom ... done.
Begin: Running /scripts/init-bottom ... done.
[    3.902683] ip_tables: (C) 2000-2006 Netfilter Core Team
[    3.907000] systemd[1]: systemd 237 running in system mode. (+PAM +AUDIT +SELINUX +IMA +APPARMOR +SMACK +SYSVINIT +UTMP +LIBCRYPTSETUP +GCRYPT +GNUTLS +ACL +XZ +LZ4 +SECCOMP +BLKID +ELFUTILS +KMOD -IDN2 +IDN -PCRE2 default-hierarchy=hybrid)
[    3.910705] systemd[1]: Detected virtualization oracle.
[    3.911632] systemd[1]: Detected architecture x86-64.

Welcome to [1mUbuntu 18.04.6 LTS[0m!

[    3.916103] systemd[1]: Set hostname to <ubuntu>.
[    3.917907] systemd[1]: Initializing machine ID from random generator.
[    3.919146] systemd[1]: Installed transient /etc/machine-id file.
[    4.051376] systemd[1]: Reached target Swap.
[[0;32m  OK  [0m] Reached target Swap.
[    4.052769] systemd[1]: Started Forward Password Requests to Wall Directory Watch.
[[0;32m  OK  [0m] Started Forward Password Requests to Wall Directory Watch.
[    4.055302] systemd[1]: Reached target System Time Synchronized.
[[0;32m  OK  [0m] Reached target System Time Synchronized.
[    4.058196] systemd[1]: Created slice User and Session Slice.
[[0;32m  OK  [0m] Created slice User and Session Slice.
[[0;32m  OK  [0m] Created slice System Slice.
[[0;32m  OK  [0m] Listening on Journal Audit Socket.
[[0;32m  OK  [0m] Listening on Syslog Socket.
[[0;32m  OK  [0m] Listening on Network Service Netlink Socket.
[[0;32m  OK  [0m] Listening on udev Control Socket.
[[0;32m  OK  [0m] Listening on fsck to fsckd communication Socket.
[[0;32m  OK  [0m] Listening on LVM2 poll daemon socket.
[[0;32m  OK  [0m] Listening on Journal Socket.
         Mounting POSIX Message Queue File System...
         Mounting Huge Pages File System...
         Starting Create list of required stâ€¦ce nodes for the current kernel...
         Starting Uncomplicated firewall...
         Starting Load Kernel Modules...
         Starting Set the console keyboard layout...
[[0;32m  OK  [0m] Listening on LVM2 metadata daemon socket.
[[0;32m  OK  [0m] Listening on /dev/initctl Compatibility Named Pipe.
[    4.246610] Loading iSCSI transport class v2.0-870.
         Starting File System Check on Root Device...
         Mounting Kernel Debug File System...
[[0;32m  OK  [0m] Created slice system-serial\x2dgetty.slice.
[    4.251445] iscsi: registered transport (tcp)
[[0;32m  OK  [0m] Listening on udev Kernel Socket.
[[0;32m  OK  [0m] Listening on Journal Socket (/dev/log).
[    4.261710] iscsi: registered transport (iser)
         Starting Journal Service...
[[0;32m  OK  [0m] Listening on Device-mapper event daemon FIFOs.
         Starting Monitoring of LVM2 mirrorsâ€¦ng dmeventd or progress polling...
[[0;32m  OK  [0m] Set up automount Arbitrary Executabâ€¦rmats File System Automount Point.
         Starting udev Coldplug all Devices...
[[0;32m  OK  [0m] Reached target Slices.
[[0;32m  OK  [0m] Reached target User and Group Name Lookups.
[[0;32m  OK  [0m] Started Journal Service.
[[0;32m  OK  [0m] Mounted POSIX Message Queue File System.
[[0;32m  OK  [0m] Mounted Huge Pages File System.
[[0;32m  OK  [0m] Started Create list of required staâ€¦vice nodes for the current kernel.
[[0;32m  OK  [0m] Started Uncomplicated firewall.
[[0;32m  OK  [0m] Started Load Kernel Modules.
[[0;32m  OK  [0m] Started File System Check on Root Device.
[[0;32m  OK  [0m] Mounted Kernel Debug File System.
[[0;32m  OK  [0m] Started File System Check Daemon to report status.
[[0;32m  OK  [0m] Started LVM2 metadata daemon.
         Starting Remount Root and Kernel File Systems...
         Mounting Kernel Configuration File System...
         Mounting FUSE Control File System...
[    4.418506] EXT4-fs (sda1): re-mounted. Opts: (null)
         Starting Apply Kernel Variables...
         Starting Create Static Device Nodes in /dev...
[[0;32m  OK  [0m] Started Set the console keyboard layout.
[[0;32m  OK  [0m] Started Monitoring of LVM2 mirrors,â€¦sing dmeventd or progress polling.
[[0;32m  OK  [0m] Started udev Coldplug all Devices.
[[0;32m  OK  [0m] Started Remount Root and Kernel File Systems.
[[0;32m  OK  [0m] Mounted Kernel Configuration File System.
[[0;32m  OK  [0m] Mounted FUSE Control File System.
[[0;32m  OK  [0m] Started Apply Kernel Variables.
[[0;32m  OK  [0m] Started Create Static Device Nodes in /dev.
         Starting Flush Journal to Persistent Storage...
         Starting Load/Save Random Seed...
         Starting udev Kernel Device Manager...
[[0;32m  OK  [0m] Reached target Local File Systems (Pre).
[[0;32m  OK  [0m] Reached target Local File Systems.
         Starting Commit a transient machine-id on disk...
         Starting AppArmor initialization...
         Starting ebtables ruleset management...
         Starting Set console font and keymap...
         Starting Tell Plymouth To Write Out Runtime Data...
[[0;32m  OK  [0m] Started Load/Save Random Seed.
[[0;32m  OK  [0m] Started udev Kernel Device Manager.
[[0;32m  OK  [0m] Started Dispatch Password Requests to Console Directory Watch.
[[0;32m  OK  [0m] Reached target Local Encrypted Volumes.
[[0;32m  OK  [0m] Started Set console font and keymap.
[[0;32m  OK  [0m] Started Tell Plymouth To Write Out Runtime Data.
[[0;32m  OK  [0m] Started Flush Journal to Persistent Storage.
[[0;32m  OK  [0m] Started Commit a transient machine-id on disk.
[[0;32m  OK  [0m] Started ebtables ruleset management.
         Starting Create Volatile Files and Directories...
[[0;32m  OK  [0m] Started Create Volatile Files and Directories.
         Starting Update UTMP about System Boot/Shutdown...
[[0;32m  OK  [0m] Started Update UTMP about System Boot/Shutdown.
[[0;32m  OK  [0m] Found device /dev/ttyS0.
[[0;32m  OK  [0m] Listening on Load/Save RF Kill Switch Status /dev/rfkill Watch.
[[0;32m  OK  [0m] Started AppArmor initialization.
         Starting Initial cloud-init job (pre-networking)...
         Starting Load AppArmor profiles managed internally by snapd...
[[0;32m  OK  [0m] Started Load AppArmor profiles managed internally by snapd.
[    5.791591] cloud-init[564]: Cloud-init v. 21.4-0ubuntu1~18.04.1 running 'init-local' at Wed, 24 Nov 2021 07:55:59 +0000. Up 5.57 seconds.
[[0;32m  OK  [0m] Started Initial cloud-init job (pre-networking).
[[0;32m  OK  [0m] Reached target Network (Pre).
         Starting Network Service...
[[0;32m  OK  [0m] Started Network Service.
         Starting Wait for Network to be Configured...
         Starting Network Name Resolution...
[[0;32m  OK  [0m] Started Network Name Resolution.
[[0;32m  OK  [0m] Reached target Host and Network Name Lookups.
[[0;32m  OK  [0m] Reached target Network.
[[0;32m  OK  [0m] Started Wait for Network to be Configured.
         Starting Initial cloud-init job (metadata service crawler)...
[    7.261841] cloud-init[701]: Cloud-init v. 21.4-0ubuntu1~18.04.1 running 'init' at Wed, 24 Nov 2021 07:56:01 +0000. Up 7.17 seconds.
[    7.272142] cloud-init[701]: ci-info: ++++++++++++++++++++++++++++++++++++++Net device info++++++++++++++++++++++++++++++++++++++
[    7.273190] cloud-init[701]: ci-info: +--------+------+----------------------------+---------------+--------+-------------------+
[    7.274631] cloud-init[701]: ci-info: | Device |  Up  |          Address           |      Mask     | Scope  |     Hw-Address    |
[    7.276245] cloud-init[701]: ci-info: +--------+------+----------------------------+---------------+--------+-------------------+
[    7.277891] cloud-init[701]: ci-info: | enp0s3 | True |         10.0.2.15          | 255.255.255.0 | global | 02:5e:cd:fd:8c:44 |
[    7.288197] cloud-init[701]: ci-info: | enp0s3 | True | fe80::5e:cdff:fefd:8c44/64 |       .       |  link  | 02:5e:cd:fd:8c:44 |
[    7.289447] cloud-init[701]: ci-info: |   lo   | True |         127.0.0.1          |   255.0.0.0   |  host  |         .         |
[    7.290474] cloud-init[701]: ci-info: |   lo   | True |          ::1/128           |       .       |  host  |         .         |
[    7.291681] cloud-init[701]: ci-info: +--------+------+----------------------------+---------------+--------+-------------------+
[    7.293070] cloud-init[701]: ci-info: ++++++++++++++++++++++++++++Route IPv4 info+++++++++++++++++++++++++++++
[    7.294472] cloud-init[701]: ci-info: +-------+-------------+----------+-----------------+-----------+-------+
[    7.295652] cloud-init[701]: ci-info: | Route | Destination | Gateway  |     Genmask     | Interface | Flags |
[    7.297047] cloud-init[701]: ci-info: +-------+-------------+----------+-----------------+-----------+-------+
[    7.308120] cloud-init[701]: ci-info: |   0   |   0.0.0.0   | 10.0.2.2 |     0.0.0.0     |   enp0s3  |   UG  |
[    7.309513] cloud-init[701]: ci-info: |   1   |   10.0.2.0  | 0.0.0.0  |  255.255.255.0  |   enp0s3  |   U   |
[    7.310963] cloud-init[701]: ci-info: |   2   |   10.0.2.2  | 0.0.0.0  | 255.255.255.255 |   enp0s3  |   UH  |
[    7.312411] cloud-init[701]: ci-info: +-------+-------------+----------+-----------------+-----------+-------+
[    7.313756] cloud-init[701]: ci-info: +++++++++++++++++++Route IPv6 info+++++++++++++++++++
[    7.314927] cloud-init[701]: ci-info: +-------+-------------+---------+-----------+-------+
[    7.315899] cloud-init[701]: ci-info: | Route | Destination | Gateway | Interface | Flags |
[    7.317084] cloud-init[701]: ci-info: +-------+-------------+---------+-----------+-------+
[    7.318245] cloud-init[701]: ci-info: |   1   |  fe80::/64  |    ::   |   enp0s3  |   U   |
[    7.319400] cloud-init[701]: ci-info: |   3   |    local    |    ::   |   enp0s3  |   U   |
[    7.320503] cloud-init[701]: ci-info: |   4   |   ff00::/8  |    ::   |   enp0s3  |   U   |
[    7.321376] cloud-init[701]: ci-info: +-------+-------------+---------+-----------+-------+
[    8.080709] cloud-init[701]: Generating public/private rsa key pair.
[    8.081534] cloud-init[701]: Your identification has been saved in /etc/ssh/ssh_host_rsa_key.
[    8.082300] cloud-init[701]: Your public key has been saved in /etc/ssh/ssh_host_rsa_key.pub.
[    8.083261] cloud-init[701]: The key fingerprint is:
[    8.084111] cloud-init[701]: SHA256:gQRyGyuNjoKT27Mvy/AmEOoSMajM8hp2SOL5cmAThRA root@ubuntu-bionic
[    8.085525] cloud-init[701]: The key's randomart image is:
[    8.086409] cloud-init[701]: +---[RSA 2048]----+
[    8.087181] cloud-init[701]: |E.o +..          |
[    8.087956] cloud-init[701]: | . * = .         |
[    8.088767] cloud-init[701]: |. + + . .        |
[    8.089530] cloud-init[701]: |*= .     .       |
[    8.090292] cloud-init[701]: |%=o     S        |
[    8.091053] cloud-init[701]: |@Xo              |
[    8.091819] cloud-init[701]: |OB=.             |
[    8.092639] cloud-init[701]: |+B*+             |
[    8.093409] cloud-init[701]: |o+B=.            |
[    8.094173] cloud-init[701]: +----[SHA256]-----+
[    8.094942] cloud-init[701]: Generating public/private dsa key pair.
[    8.095941] cloud-init[701]: Your identification has been saved in /etc/ssh/ssh_host_dsa_key.
[    8.097261] cloud-init[701]: Your public key has been saved in /etc/ssh/ssh_host_dsa_key.pub.
[    8.098527] cloud-init[701]: The key fingerprint is:
[    8.099337] cloud-init[701]: SHA256:FIQtXEbZyE9XQViv0GPdhupBTziyMYytyEldSQPLSzM root@ubuntu-bionic
[    8.100687] cloud-init[701]: The key's randomart image is:
[    8.101571] cloud-init[701]: +---[DSA 1024]----+
[    8.102340] cloud-init[701]: |     . BB*+. ==. |
[    8.103104] cloud-init[701]: |      ++=B+.oo +.|
[    8.103865] cloud-init[701]: |      ..Eo*.= * =|
[    8.104670] cloud-init[701]: |     o = =.* B + |
[    8.105435] cloud-init[701]: |      + S . o o  |
[    8.106127] cloud-init[701]: |           . .   |
[    8.106890] cloud-init[701]: |            .    |
[    8.107656] cloud-init[701]: |                 |
[    8.108474] cloud-init[701]: |                 |
[    8.109234] cloud-init[701]: +----[SHA256]-----+
[    8.109997] cloud-init[701]: Generating public/private ecdsa key pair.
[    8.111007] cloud-init[701]: Your identification has been saved in /etc/ssh/ssh_host_ecdsa_key.[[0;32m  OK  [0m] Started Initial cloud-init job (metadata service crawler).
[[0;32m  OK  [0m] Reached target Network is Online.

         Starting Availability of block devices...
[[0;32m  OK  [0m] Reached target Remote File Systems (Pre).
[[0;32m  OK  [0m] Reached target Remote File Systems.
[    8.116431] [[0;32m  OK  [0m] Reached target System Initialization.
cloud-init[701]: Your public key has been saved in /etc/ssh/ssh_host_ecdsa_key.pub.
[[0;32m  OK  [0m] Started Trigger to poll for Ubuntu â€¦(Only enabled on GCP LTS non-pro).
[    8.156631] [cloud-init[0;32m  OK  [0m[701]: ] The key fingerprint is:Listening on D-Bus System Message Bus Socket.

[    8.158131] [cloud-init[0;32m  OK  [0m[701]: ] SHA256:tiv3gkvU1yhPy60XdUUFmXpFlEq6XpOeQ6BV9k3PXDM root@ubuntu-bionic
Started Discard unused blocks once a week.
[[0;32m  OK  [0m] Listening on ACPID Listen Socket.
[    8.160715] [[0;32m  OK  [0m] Listening on Open-iSCSI iscsid Socket.
[[0;32m  OK  [0m] Started Ubuntu Advantage Timer for running repeated jobs.
[[0;32m  OK  [0m] Started Daily apt download activities.
[[0;32m  OK  [0m] Started Daily apt upgrade and clean activities.
[[0;32m  OK  [0m] Listening on cloud-init hotplug hook socket.
         Starting Socket activation for snappy daemon.
[[0;32m  OK  [0m] Started ACPI Events Check.
cloud-init[701]: The key's randomart image is:
[[0;32m  OK  [0m] Reached target Paths.
[    8.168631] cloud-init[701]: +---[ECDSA 256]---+
[[0;32m  OK  [0m] Listening on UUID daemon activation socket.
[    8.169920] cloud-init[701]: |              .BB|
[[0;32m  OK  [0m] Started Message of the Day.
[    8.184793] cloud-init[701]: |             +oE=|
[    8.186176]          Starting LXD - unix socket.
[[0;32m  OK  [0m] Started Daily Cleanup of Temporary Directories.
[[0;32m  OK  [0m] Reached target Timers.
[[0;32m  OK  [0m] Reached target Cloud-config availability.
[[0;32m  OK  [0m] Started Availability of block devices.
[[0;32m  OK  [0m] Listening on Socket activation for snappy daemon.
[[0;32m  OK  [0m] Listening on LXD - unix socket.
[[0;32m  OK  [0m] Reached target Sockets.
[[0;32m  OK  [0m] Reached target Basic System.
         Starting Pollinate to seed the pseudo random number generator...
cloud-init         Starting Login Service...
         Starting Permit User Sessions...
[[0;32m  OK  [0m] Started irqbalance daemon.
         Starting Accounts Service...
[[0;32m  OK  [0m] Started Regular background program processing daemon.
[[0;32m  OK  [0m] Started FUSE filesystem for LXC.
         Starting System Logging Service...
         Starting LSB: automatic crash report generation...
[[0;32m  OK  [0m] Started Deferred execution scheduler.
         Starting Snap Daemon...
[[0;32m  OK  [0m] Started D-Bus System Message Bus.
[701]: |            =.o=B|
[    8.203748] cloud-init[701]: |       .   *..o.*|
[    8.216290] cloud-init[701]: |      . S * +o.. |
[    8.232114] cloud-init[701]: |     . . O +.=   |
[    8.248248] cloud-init[701]: |      ... = =.o  |
[    8.248963] cloud-init[701]: |     .o o. o.+   |
[    8.249480] cloud-init[701]: |      .+.oo.  .  |
[    8.249966] cloud-init[701]: +----[SHA256]-----+
[    8.250555] cloud-init[701]: Generating public/private ed25519 key pair.
[    8.251741] cloud-init[701]: Your identification has been saved in /etc/ssh/ssh_host_ed25519_key.
[    8.252682] cloud-init[701]: Your public key has been saved in /etc/ssh/ssh_host_ed25519_key.pub.
[    8.254070] cloud-init[701]: The key fingerprint is:
[    8.254846] cloud-init[701]: SHA256:1FTWSddnEXFoqTSb38dCvDAwwLTbvc2C7CyGZbSajxE root@ubuntu-bionic
[    8.256173] cloud-init[701]: The key's randomart image is:
[    8.257609] cloud-init[701]: +--[ED25519 256]--+
[    8.258292] cloud-init[701]: |       oo...oo.BB|
[    8.258981] cloud-init[701]: |        .+o.o *.=|
[    8.259698] cloud-init[701]: |        o .+ B ..|
[    8.260484] cloud-init[701]: |       ..o .* o  |
[    8.261173] cloud-init[701]: |      E.S.. .= + |
[    8.261927] cloud-init[701]: |       .+. . ++ +|
[    8.262624] cloud-init[701]: |      .*  o o o..|
[    8.263320] cloud-init[701]: |      +ooo   .   |
[    8.264283] cloud-init[701]: |      .o..o      |
[    8.264780] cloud-init[701]: +----[SHA256]-----+
         Starting LSB: Record successful boot for GRUB...
         Starting Virtualbox guest utils...
         Starting Dispatcher daemon for systemd-networkd...
         Starting LXD - container startup/shutdown...
[[0;32m  OK  [0m] Started System Logging Service.
[[0;32m  OK  [0m] Started Permit User Sessions.
[[0;32m  OK  [0m] Started Login Service.
         Starting Authorization Manager...
[[0;32m  OK  [0m] Started Unattended Upgrades Shutdown.
         Starting Terminate Plymouth Boot Screen...
         Starting Hold until boot process finishes up...
[[0;32m  OK  [0m] Started Terminate Plymouth Boot Screen.
[[0;32m  OK  [0m] Started Hold until boot process finishes up.
         Starting Set console scheme...
[[0;32m  OK  [0m] Started Serial Getty on ttyS0.
[[0;32m  OK  [0m] Started Authorization Manager.
[[0;32m  OK  [0m] Started LSB: automatic crash report generation.
[[0;32m  OK  [0m] Started Accounts Service.
[[0;32m  OK  [0m] Started LXD - container startup/shutdown.
[[0;32m  OK  [0m] Started Set console scheme.
[[0;32m  OK  [0m] Created slice system-getty.slice.
[[0;32m  OK  [0m] Started Getty on tty1.
[[0;32m  OK  [0m] Reached target Login Prompts.
[[0;32m  OK  [0m] Started Virtualbox guest utils.
[[0;32m  OK  [0m] Started LSB: Record successful boot for GRUB.
[[0;32m  OK  [0m] Started Dispatcher daemon for systemd-networkd.
[[0;32m  OK  [0m] Started Snap Daemon.
         Starting Wait until snapd is fully seeded...
[[0;32m  OK  [0m] Started Pollinate to seed the pseudo random number generator.
         Starting OpenBSD Secure Shell server...
[[0;32m  OK  [0m] Started OpenBSD Secure Shell server.
[[0;32m  OK  [0m] Started Wait until snapd is fully seeded.
[[0;32m  OK  [0m] Reached target Multi-User System.
[[0;32m  OK  [0m] Reached target Graphical Interface.
         Starting Update UTMP about System Runlevel Changes...
         Starting Apply the settings specified in cloud-config...
[[0;32m  OK  [0m] Started Update UTMP about System Runlevel Changes.
[   10.659575] cloud-init[1269]: Cloud-init v. 21.4-0ubuntu1~18.04.1 running 'modules:config' at Wed, 24 Nov 2021 07:56:04 +0000. Up 10.43 seconds.
[[0;32m  OK  [0m] Started Apply the settings specified in cloud-config.
         Starting Execute cloud user/final scripts...
ci-info: no authorized SSH keys fingerprints found for user ubuntu.
<14>Nov 24 07:56:04 cloud-init: #############################################################
<14>Nov 24 07:56:04 cloud-init: -----BEGIN SSH HOST KEY FINGERPRINTS-----
<14>Nov 24 07:56:04 cloud-init: 1024 SHA256:FIQtXEbZyE9XQViv0GPdhupBTziyMYytyEldSQPLSzM root@ubuntu-bionic (DSA)
<14>Nov 24 07:56:04 cloud-init: 256 SHA256:tiv3gkvU1yhPy60XdUUFmXpFlEq6XpOeQ6BV9k3PXDM root@ubuntu-bionic (ECDSA)
<14>Nov 24 07:56:04 cloud-init: 256 SHA256:1FTWSddnEXFoqTSb38dCvDAwwLTbvc2C7CyGZbSajxE root@ubuntu-bionic (ED25519)
<14>Nov 24 07:56:04 cloud-init: 2048 SHA256:gQRyGyuNjoKT27Mvy/AmEOoSMajM8hp2SOL5cmAThRA root@ubuntu-bionic (RSA)
<14>Nov 24 07:56:04 cloud-init: -----END SSH HOST KEY FINGERPRINTS-----
<14>Nov 24 07:56:04 cloud-init: #############################################################
-----BEGIN SSH HOST KEY KEYS-----
ecdsa-sha2-nistp256 AAAAE2VjZHNhLXNoYTItbmlzdHAyNTYAAAAIbmlzdHAyNTYAAABBBLSd/Qaw1yTTEpCLi3eh6dsiXNjcZu5QULME3WyzngFvfZVIa8H5o1KEJK/PAKQgqf5soNpRcyg/RhgUzEn6nk0= root@ubuntu-bionic
ssh-ed25519 AAAAC3NzaC1lZDI1NTE5AAAAIAwlQ8VynAlS2kESwOIH0OP784m+Jo9rZ16EAUfmFFuF root@ubuntu-bionic
ssh-rsa AAAAB3NzaC1yc2EAAAADAQABAAABAQCpBrAxAen8geTchtE/fjmCzYS959ugdG87QIyGS3UXqKPrPaeedNLZGNE1idSqncnce7zxgluJfE9BF9GqDuxsnf2W5k7R8vrmXMPm4DJt3WuQFQ6epKGkIr4cbS0exNialmPqgZ47cBFzGC84Yyh+jDzluq35WjqQ1lN4GPfr38+d1Yr2lYBfs05fcMs3/Z9ekWR4NqCLFh+E6hSKGMBDVjy3ZN28Qklep4fpYj572PR/ayDKT6APVdQTC8z+3D3GIeM3w8D3mAb7wedO3xStPxZE5dihg2PHlMEHZM4gcGWAVcZDPjEMhaf0TMvHiOO9xLWcE9a1zNaUFNYIhLPJ root@ubuntu-bionic
-----END SSH HOST KEY KEYS-----
[   11.066796] cloud-init[1335]: Cloud-init v. 21.4-0ubuntu1~18.04.1 running 'modules:final' at Wed, 24 Nov 2021 07:56:04 +0000. Up 10.94 seconds.
[   11.084171] cloud-init[1335]: ci-info: no authorized SSH keys fingerprints found for user ubuntu.
[   11.096424] cloud-init[1335]: Cloud-init v. 21.4-0ubuntu1~18.04.1 finished at Wed, 24 Nov 2021 07:56:04 +0000. Datasource DataSourceNoCloud [seed=/dev/sdb][dsmode=net].  Up 11.06 seconds
[[0;32m  OK  [0m] Started Execute cloud user/final scripts.
[[0;32m  OK  [0m] Reached target Cloud-init target.

Ubuntu 18.04.6 LTS ubuntu-bionic ttyS0

ubuntu-bionic login: 